2026.07.29 18:04:01 INFO  Started: Metals version 1.6.8 in folders '/home/pramalin/sources/agentic-sheets' for client Visual Studio Code 1.109.5.[0m
2026.07.29 18:04:01 INFO  Memory monitor started[0m
2026.07.29 18:04:01 WARN  Using H2 2.4.240 which is newer than the version Flyway has been verified with. The latest verified version of H2 is 2.3.232.[0m
2026.07.29 18:04:02 INFO  no build target found for /home/pramalin/sources/agentic-sheets/backend/src/main/java/com/alai/agenticsheets/mapping/DeliveryLogEntry.java. Using fallback presentation compiler.[0m
2026.07.29 18:12:02 INFO  no build target found for /home/pramalin/sources/agentic-sheets/backend/src/main/java/com/alai/agenticsheets/mapping/DeliveryLogEntry.java. Using fallback presentation compiler.[0m
2026.07.29 18:15:43 INFO  no build target found for /home/pramalin/sources/agentic-sheets/backend/src/main/java/com/alai/agenticsheets/mapping/DeliveryLogEntry.java. Using fallback presentation compiler.[0m
2026.07.29 18:16:18 INFO  no build target found for /home/pramalin/sources/agentic-sheets/backend/src/main/java/com/alai/agenticsheets/mapping/DeliveryLogEntry.java. Using fallback presentation compiler.[0m
2026.07.29 18:16:18 INFO  no build target found for /home/pramalin/sources/agentic-sheets/backend/src/main/java/com/alai/agenticsheets/AgenticSheetsApplication.java. Using fallback presentation compiler.[0m
2026.07.29 18:16:18 INFO  no build target found for /home/pramalin/sources/agentic-sheets/backend/src/main/java/com/alai/agenticsheets/AgenticSheetsApplication.java. Using fallback presentation compiler.[0m
2026.07.29 18:16:18 INFO  no build target found for /home/pramalin/sources/agentic-sheets/backend/src/main/java/com/alai/agenticsheets/AgenticSheetsApplication.java. Using fallback presentation compiler.[0m
2026.07.29 18:21:32 INFO  no build target found for /home/pramalin/sources/agentic-sheets/backend/src/main/java/com/alai/agenticsheets/spreadsheet/SpreadsheetExplorerController.java. Using fallback presentation compiler.[0m
2026.07.29 18:21:32 INFO  no build target found for /home/pramalin/sources/agentic-sheets/backend/src/main/java/com/alai/agenticsheets/spreadsheet/SpreadsheetExplorerController.java. Using fallback presentation compiler.[0m
2026.07.29 18:21:32 INFO  no build target found for /home/pramalin/sources/agentic-sheets/backend/src/main/java/com/alai/agenticsheets/spreadsheet/SpreadsheetExplorerController.java. Using fallback presentation compiler.[0m
2026.07.29 18:21:32 INFO  no build target found for /home/pramalin/sources/agentic-sheets/backend/src/main/java/com/alai/agenticsheets/spreadsheet/SpreadsheetExplorerController.java. Using fallback presentation compiler.[0m
2026.07.29 18:22:26 INFO  no build target found for /home/pramalin/sources/agentic-sheets/backend/src/main/java/com/alai/agenticsheets/spreadsheet/SpreadsheetExplorerController.java. Using fallback presentation compiler.[0m
2026.07.29 18:22:26 INFO  no build target found for /home/pramalin/sources/agentic-sheets/backend/src/main/java/com/alai/agenticsheets/spreadsheet/SpreadsheetExplorerController.java. Using fallback presentation compiler.[0m
2026.07.29 18:22:26 INFO  no build target found for /home/pramalin/sources/agentic-sheets/backend/src/main/java/com/alai/agenticsheets/spreadsheet/SpreadsheetExplorerController.java. Using fallback presentation compiler.[0m
2026.07.29 18:22:26 INFO  no build target found for /home/pramalin/sources/agentic-sheets/backend/src/main/java/com/alai/agenticsheets/spreadsheet/SpreadsheetExplorerController.java. Using fallback presentation compiler.[0m
2026.07.29 18:22:36 INFO  no build target found for /home/pramalin/sources/agentic-sheets/backend/src/main/java/com/alai/agenticsheets/spreadsheet/SpreadsheetExplorerController.java. Using fallback presentation compiler.[0m
2026.07.29 18:23:21 INFO  no build target found for /home/pramalin/sources/agentic-sheets/backend/src/main/java/com/alai/agenticsheets/spreadsheet/SpreadsheetExplorerController.java. Using fallback presentation compiler.[0m
2026.07.29 18:24:25 INFO  no build target found for /home/pramalin/sources/agentic-sheets/backend/src/main/java/com/alai/agenticsheets/mapping/MappingController.java. Using fallback presentation compiler.[0m
2026.07.29 18:24:25 INFO  no build target found for /home/pramalin/sources/agentic-sheets/backend/src/main/java/com/alai/agenticsheets/mapping/MappingController.java. Using fallback presentation compiler.[0m
2026.07.29 18:24:25 INFO  no build target found for /home/pramalin/sources/agentic-sheets/backend/src/main/java/com/alai/agenticsheets/mapping/MappingController.java. Using fallback presentation compiler.[0m
2026.07.29 18:28:01 INFO  no build target found for /home/pramalin/sources/agentic-sheets/backend/src/main/java/com/alai/agenticsheets/mapping/MappingController.java. Using fallback presentation compiler.[0m
2026.07.29 18:48:16 INFO  no build target found for /home/pramalin/sources/agentic-sheets/backend/src/main/java/com/alai/agenticsheets/mapping/MappingController.java. Using fallback presentation compiler.[0m
2026.07.29 18:48:16 INFO  no build target found for /home/pramalin/sources/agentic-sheets/backend/src/main/java/com/alai/agenticsheets/mapping/MappingController.java. Using fallback presentation compiler.[0m
2026.07.29 18:48:49 INFO  no build target found for /home/pramalin/sources/agentic-sheets/backend/src/main/java/com/alai/agenticsheets/mapping/MappingController.java. Using fallback presentation compiler.[0m
2026.07.29 18:48:50 INFO  no build target found for /home/pramalin/sources/agentic-sheets/backend/src/main/java/com/alai/agenticsheets/mapping/MappingController.java. Using fallback presentation compiler.[0m
2026.07.29 18:48:50 INFO  no build target found for /home/pramalin/sources/agentic-sheets/backend/src/main/java/com/alai/agenticsheets/mapping/MappingController.java. Using fallback presentation compiler.[0m
2026.07.29 18:48:51 INFO  no build target found for /home/pramalin/sources/agentic-sheets/backend/src/main/java/com/alai/agenticsheets/mapping/MappingController.java. Using fallback presentation compiler.[0m
2026.07.29 18:50:30 INFO  no build target found for /home/pramalin/sources/agentic-sheets/backend/src/main/java/com/alai/agenticsheets/mapping/MappingController.java. Using fallback presentation compiler.[0m
2026.07.29 18:51:01 INFO  no build target found for /home/pramalin/sources/agentic-sheets/backend/src/main/java/com/alai/agenticsheets/mapping/MappingController.java. Using fallback presentation compiler.[0m
2026.07.29 18:51:01 INFO  no build target found for /home/pramalin/sources/agentic-sheets/backend/src/main/java/com/alai/agenticsheets/mapping/MappingController.java. Using fallback presentation compiler.[0m
2026.07.29 18:51:01 INFO  no build target found for /home/pramalin/sources/agentic-sheets/backend/src/main/java/com/alai/agenticsheets/mapping/MappingController.java. Using fallback presentation compiler.[0m
2026.07.29 18:51:01 INFO  no build target found for /home/pramalin/sources/agentic-sheets/backend/src/main/java/com/alai/agenticsheets/mapping/MappingController.java. Using fallback presentation compiler.[0m
2026.07.29 18:51:02 INFO  no build target found for /home/pramalin/sources/agentic-sheets/backend/src/main/java/com/alai/agenticsheets/mapping/MappingController.java. Using fallback presentation compiler.[0m
2026.07.29 18:51:20 INFO  no build target found for /home/pramalin/sources/agentic-sheets/backend/src/main/java/com/alai/agenticsheets/mapping/MappingController.java. Using fallback presentation compiler.[0m
2026.07.29 18:51:20 INFO  no build target found for /home/pramalin/sources/agentic-sheets/backend/src/main/java/com/alai/agenticsheets/mapping/MappingController.java. Using fallback presentation compiler.[0m
2026.07.29 18:51:36 INFO  no build target found for /home/pramalin/sources/agentic-sheets/backend/src/main/java/com/alai/agenticsheets/mapping/MappingController.java. Using fallback presentation compiler.[0m
2026.07.29 18:51:36 INFO  no build target found for /home/pramalin/sources/agentic-sheets/backend/src/main/java/com/alai/agenticsheets/mapping/MappingController.java. Using fallback presentation compiler.[0m
2026.07.29 18:51:38 INFO  no build target found for /home/pramalin/sources/agentic-sheets/backend/src/main/java/com/alai/agenticsheets/mapping/MappingController.java. Using fallback presentation compiler.[0m
2026.07.29 18:51:38 INFO  no build target found for /home/pramalin/sources/agentic-sheets/backend/src/main/java/com/alai/agenticsheets/mapping/MappingController.java. Using fallback presentation compiler.[0m
2026.07.29 18:51:39 INFO  no build target found for /home/pramalin/sources/agentic-sheets/backend/src/main/java/com/alai/agenticsheets/mapping/MappingController.java. Using fallback presentation compiler.[0m
2026.07.29 18:51:39 INFO  no build target found for /home/pramalin/sources/agentic-sheets/backend/src/main/java/com/alai/agenticsheets/mapping/MappingController.java. Using fallback presentation compiler.[0m
2026.07.29 18:51:39 INFO  no build target found for /home/pramalin/sources/agentic-sheets/backend/src/main/java/com/alai/agenticsheets/mapping/MappingController.java. Using fallback presentation compiler.[0m
2026.07.29 18:51:40 INFO  no build target found for /home/pramalin/sources/agentic-sheets/backend/src/main/java/com/alai/agenticsheets/mapping/MappingController.java. Using fallback presentation compiler.[0m
2026.07.29 18:51:40 INFO  no build target found for /home/pramalin/sources/agentic-sheets/backend/src/main/java/com/alai/agenticsheets/mapping/MappingController.java. Using fallback presentation compiler.[0m
2026.07.29 18:51:40 INFO  no build target found for /home/pramalin/sources/agentic-sheets/backend/src/main/java/com/alai/agenticsheets/mapping/MappingController.java. Using fallback presentation compiler.[0m
2026.07.29 18:51:40 INFO  no build target found for /home/pramalin/sources/agentic-sheets/backend/src/main/java/com/alai/agenticsheets/mapping/MappingController.java. Using fallback presentation compiler.[0m
2026.07.29 18:51:41 INFO  no build target found for /home/pramalin/sources/agentic-sheets/backend/src/main/java/com/alai/agenticsheets/mapping/MappingController.java. Using fallback presentation compiler.[0m
2026.07.29 19:19:57 INFO  no build target found for /home/pramalin/sources/agentic-sheets/backend/src/main/java/com/alai/agenticsheets/mapping/MappingController.java. Using fallback presentation compiler.[0m
2026.07.29 19:20:25 INFO  no build target found for /home/pramalin/sources/agentic-sheets/backend/src/main/java/com/alai/agenticsheets/mapping/MappingController.java. Using fallback presentation compiler.[0m
2026.07.29 19:20:47 INFO  no build target found for /home/pramalin/sources/agentic-sheets/backend/src/main/java/com/alai/agenticsheets/security/ApiKeyAuthFilter.java. Using fallback presentation compiler.[0m
2026.07.29 19:20:47 INFO  no build target found for /home/pramalin/sources/agentic-sheets/backend/src/main/java/com/alai/agenticsheets/security/ApiKeyAuthFilter.java. Using fallback presentation compiler.[0m
2026.07.29 19:20:47 INFO  no build target found for /home/pramalin/sources/agentic-sheets/backend/src/main/java/com/alai/agenticsheets/security/ApiKeyAuthFilter.java. Using fallback presentation compiler.[0m
2026.07.29 19:20:47 INFO  no build target found for /home/pramalin/sources/agentic-sheets/backend/src/main/java/com/alai/agenticsheets/security/ApiKeyAuthFilter.java. Using fallback presentation compiler.[0m
2026.07.29 19:21:01 INFO  no build target found for /home/pramalin/sources/agentic-sheets/backend/src/main/java/com/alai/agenticsheets/security/ApiKeyAuthFilter.java. Using fallback presentation compiler.[0m
2026.07.29 19:21:29 INFO  no build target found for /home/pramalin/sources/agentic-sheets/backend/src/main/java/com/alai/agenticsheets/security/ApiKeyAuthFilter.java. Using fallback presentation compiler.[0m
2026.07.29 19:38:47 INFO  no build target found for /home/pramalin/sources/agentic-sheets/backend/src/main/java/com/alai/agenticsheets/security/ApiKeyAuthFilter.java. Using fallback presentation compiler.[0m
2026.07.29 19:39:00 INFO  no build target found for /home/pramalin/sources/agentic-sheets/backend/src/main/java/com/alai/agenticsheets/mapping/MappingProposalRepository.java. Using fallback presentation compiler.[0m
Jul 29, 2026 7:39:00 PM org.eclipse.lsp4j.jsonrpc.RemoteEndpoint handleCancellation
WARNING: Unmatched cancel notification for request id 403
2026.07.29 19:39:00 INFO  no build target found for /home/pramalin/sources/agentic-sheets/backend/src/main/java/com/alai/agenticsheets/mapping/MappingProposalRepository.java. Using fallback presentation compiler.[0m
2026.07.29 19:39:00 INFO  no build target found for /home/pramalin/sources/agentic-sheets/backend/src/main/java/com/alai/agenticsheets/mapping/MappingProposalRepository.java. Using fallback presentation compiler.[0m
2026.07.29 19:39:00 INFO  no build target found for /home/pramalin/sources/agentic-sheets/backend/src/main/java/com/alai/agenticsheets/mapping/MappingProposalRepository.java. Using fallback presentation compiler.[0m
Jul 29, 2026 7:39:01 PM org.eclipse.lsp4j.jsonrpc.RemoteEndpoint handleCancellation
WARNING: Unmatched cancel notification for request id 411
2026.07.29 19:39:02 INFO  no build target found for /home/pramalin/sources/agentic-sheets/backend/src/main/java/com/alai/agenticsheets/mapping/MappingProposalRepository.java. Using fallback presentation compiler.[0m
2026.07.29 19:39:02 INFO  no build target found for /home/pramalin/sources/agentic-sheets/backend/src/main/java/com/alai/agenticsheets/mapping/MappingProposalRepository.java. Using fallback presentation compiler.[0m
2026.07.29 19:39:08 INFO  no build target found for /home/pramalin/sources/agentic-sheets/backend/src/main/java/com/alai/agenticsheets/mapping/MappingProposalRepository.java. Using fallback presentation compiler.[0m
2026.07.29 19:39:08 INFO  no build target found for /home/pramalin/sources/agentic-sheets/backend/src/main/java/com/alai/agenticsheets/mapping/MappingProposalRepository.java. Using fallback presentation compiler.[0m
2026.07.29 19:39:08 INFO  no build target found for /home/pramalin/sources/agentic-sheets/backend/src/main/java/com/alai/agenticsheets/mapping/MappingProposalRepository.java. Using fallback presentation compiler.[0m
2026.07.29 19:39:08 INFO  no build target found for /home/pramalin/sources/agentic-sheets/backend/src/main/java/com/alai/agenticsheets/mapping/MappingProposalRepository.java. Using fallback presentation compiler.[0m
2026.07.29 19:39:56 INFO  no build target found for /home/pramalin/sources/agentic-sheets/backend/src/main/java/com/alai/agenticsheets/mapping/MappingProposalRepository.java. Using fallback presentation compiler.[0m
2026.07.29 19:40:26 INFO  no build target found for /home/pramalin/sources/agentic-sheets/backend/src/main/java/com/alai/agenticsheets/mapping/MappingProposalRepository.java. Using fallback presentation compiler.[0m
2026.07.29 19:40:26 INFO  no build target found for /home/pramalin/sources/agentic-sheets/backend/src/main/java/com/alai/agenticsheets/mapping/MappingProposalRepository.java. Using fallback presentation compiler.[0m
2026.07.29 19:40:29 INFO  no build target found for /home/pramalin/sources/agentic-sheets/backend/src/main/java/com/alai/agenticsheets/mapping/MappingProposalRepository.java. Using fallback presentation compiler.[0m
2026.07.29 19:40:29 INFO  no build target found for /home/pramalin/sources/agentic-sheets/backend/src/main/java/com/alai/agenticsheets/mapping/MappingProposalRepository.java. Using fallback presentation compiler.[0m
2026.07.29 19:40:35 INFO  no build target found for /home/pramalin/sources/agentic-sheets/backend/src/main/java/com/alai/agenticsheets/mapping/MappingProposalRepository.java. Using fallback presentation compiler.[0m
2026.07.29 19:40:37 INFO  no build target found for /home/pramalin/sources/agentic-sheets/backend/src/main/java/com/alai/agenticsheets/mapping/MappingProposalRepository.java. Using fallback presentation compiler.[0m
2026.07.29 19:41:21 INFO  no build target found for /home/pramalin/sources/agentic-sheets/backend/src/main/java/com/alai/agenticsheets/mapping/StoredMappingProposal.java. Using fallback presentation compiler.[0m
2026.07.29 19:41:21 INFO  no build target found for /home/pramalin/sources/agentic-sheets/backend/src/main/java/com/alai/agenticsheets/mapping/StoredMappingProposal.java. Using fallback presentation compiler.[0m
2026.07.29 19:41:21 INFO  no build target found for /home/pramalin/sources/agentic-sheets/backend/src/main/java/com/alai/agenticsheets/mapping/StoredMappingProposal.java. Using fallback presentation compiler.[0m
2026.07.29 19:41:32 INFO  no build target found for /home/pramalin/sources/agentic-sheets/backend/src/main/java/com/alai/agenticsheets/mapping/ValidationRunRepository.java. Using fallback presentation compiler.[0m
2026.07.29 19:41:32 INFO  no build target found for /home/pramalin/sources/agentic-sheets/backend/src/main/java/com/alai/agenticsheets/mapping/ValidationRunRepository.java. Using fallback presentation compiler.[0m
2026.07.29 19:41:32 INFO  no build target found for /home/pramalin/sources/agentic-sheets/backend/src/main/java/com/alai/agenticsheets/mapping/ValidationRunRepository.java. Using fallback presentation compiler.[0m
2026.07.29 19:41:32 INFO  no build target found for /home/pramalin/sources/agentic-sheets/backend/src/main/java/com/alai/agenticsheets/mapping/ValidationRunRepository.java. Using fallback presentation compiler.[0m
2026.07.29 19:41:48 INFO  no build target found for /home/pramalin/sources/agentic-sheets/backend/src/main/java/com/alai/agenticsheets/mapping/ValidationRunRepository.java. Using fallback presentation compiler.[0m
2026.07.29 19:41:48 INFO  no build target found for /home/pramalin/sources/agentic-sheets/backend/src/main/java/com/alai/agenticsheets/mapping/ValidationRunRepository.java. Using fallback presentation compiler.[0m
2026.07.29 19:42:39 INFO  no build target found for /home/pramalin/sources/agentic-sheets/backend/src/main/java/com/alai/agenticsheets/mapping/ValidationRunRepository.java. Using fallback presentation compiler.[0m
2026.07.29 19:42:39 INFO  no build target found for /home/pramalin/sources/agentic-sheets/backend/src/main/java/com/alai/agenticsheets/mapping/ValidationRunRepository.java. Using fallback presentation compiler.[0m
2026.07.29 19:42:41 INFO  no build target found for /home/pramalin/sources/agentic-sheets/backend/src/main/java/com/alai/agenticsheets/mapping/ValidationRunRepository.java. Using fallback presentation compiler.[0m
2026.07.29 19:42:41 INFO  no build target found for /home/pramalin/sources/agentic-sheets/backend/src/main/java/com/alai/agenticsheets/mapping/ValidationRunRepository.java. Using fallback presentation compiler.[0m
2026.07.29 19:42:42 INFO  no build target found for /home/pramalin/sources/agentic-sheets/backend/src/main/java/com/alai/agenticsheets/mapping/ValidationRunRepository.java. Using fallback presentation compiler.[0m
2026.07.29 19:42:44 INFO  no build target found for /home/pramalin/sources/agentic-sheets/backend/src/main/java/com/alai/agenticsheets/mapping/ValidationRunRepository.java. Using fallback presentation compiler.[0m
2026.07.29 19:42:44 INFO  no build target found for /home/pramalin/sources/agentic-sheets/backend/src/main/java/com/alai/agenticsheets/mapping/ValidationRunRepository.java. Using fallback presentation compiler.[0m
2026.07.29 19:43:06 INFO  no build target found for /home/pramalin/sources/agentic-sheets/backend/src/main/java/com/alai/agenticsheets/mapping/ValidationRun.java. Using fallback presentation compiler.[0m
2026.07.29 19:43:06 INFO  no build target found for /home/pramalin/sources/agentic-sheets/backend/src/main/java/com/alai/agenticsheets/mapping/ValidationRun.java. Using fallback presentation compiler.[0m
2026.07.29 19:43:06 INFO  no build target found for /home/pramalin/sources/agentic-sheets/backend/src/main/java/com/alai/agenticsheets/mapping/ValidationRun.java. Using fallback presentation compiler.[0m
2026.07.29 19:43:55 INFO  no build target found for /home/pramalin/sources/agentic-sheets/backend/src/main/java/com/alai/agenticsheets/security/ApiKeyAuthFilter.java. Using fallback presentation compiler.[0m
2026.07.29 19:43:55 WARN  no build target for: /home/pramalin/sources/agentic-sheets/backend/src/main/java/com/alai/agenticsheets/security/ApiKeyAuthFilter.java[0m
2026.07.29 19:43:55 INFO  no build target found for /home/pramalin/sources/agentic-sheets/backend/src/main/java/com/alai/agenticsheets/security/ApiKeyAuthFilter.java. Using fallback presentation compiler.[0m
2026.07.29 19:43:56 INFO  no build target found for /home/pramalin/sources/agentic-sheets/backend/src/main/java/com/alai/agenticsheets/security/ApiKeyAuthFilter.java. Using fallback presentation compiler.[0m
2026.07.29 19:45:01 INFO  no build target found for /home/pramalin/sources/agentic-sheets/backend/src/main/java/com/alai/agenticsheets/security/ApiKeyAuthFilter.java. Using fallback presentation compiler.[0m
2026.07.29 19:45:01 INFO  no build target found for /home/pramalin/sources/agentic-sheets/backend/src/main/java/com/alai/agenticsheets/security/ApiKeyAuthFilter.java. Using fallback presentation compiler.[0m
2026.07.29 19:45:01 INFO  no build target found for /home/pramalin/sources/agentic-sheets/backend/src/main/java/com/alai/agenticsheets/security/ApiKeyAuthFilter.java. Using fallback presentation compiler.[0m
2026.07.29 19:45:01 INFO  no build target found for /home/pramalin/sources/agentic-sheets/backend/src/main/java/com/alai/agenticsheets/security/ApiKeyAuthFilter.java. Using fallback presentation compiler.[0m
2026.07.29 19:45:15 INFO  no build target found for /home/pramalin/sources/agentic-sheets/backend/src/main/java/com/alai/agenticsheets/security/ApiKeyAuthFilter.java. Using fallback presentation compiler.[0m
2026.07.29 19:46:01 INFO  no build target found for /home/pramalin/sources/agentic-sheets/backend/src/main/java/com/alai/agenticsheets/security/ApiKeyAuthFilter.java. Using fallback presentation compiler.[0m
2026.07.29 20:20:25 INFO  no build target found for /home/pramalin/sources/agentic-sheets/backend/src/main/java/com/alai/agenticsheets/mapping/MappingController.java. Using fallback presentation compiler.[0m
